C51 COMPILER V8.02   MAIN                                                                  11/28/2013 13:36:50 PAGE 1   


C51 COMPILER V8.02, COMPILATION OF MODULE MAIN
OBJECT MODULE PLACED IN main.OBJ
COMPILER INVOKED BY: C:\Keil\C51\BIN\C51.EXE main.c BROWSE DEBUG OBJECTEXTEND

line level    source

   1          #include <reg52.h>
   2          #include "game.h"
   3          
   4          //timer1 init value
   5          #define TH1value 0x63
   6          #define TL1value 0xC0
   7          //refesh screen count
   8          #define screen_count 3
   9          
  10          sbit switchS=P3^7;
  11          
  12          //count for timer1
  13          unsigned char count=0;
  14          
  15          extern unsigned char bar_direction;
  16          
  17          //Use timer1 to count time
  18          //timer1 initial
  19          //timer -> 0.01s
  20          void init_timer1(){
  21   1              TMOD=TMOD|0x10;
  22   1              TH1=TH1value;
  23   1              TL1=TL1value;
  24   1              TR1=1;
  25   1      }
  26          
  27          //timer0 initial
  28          void init_timer0(){
  29   1              TMOD=TMOD|0x02;
  30   1              TL0=256-119;
  31   1              TH0=256-119;
  32   1              TR0=0;
  33   1      }
  34          
  35          
  36          //External int init
  37          void init_external(){
  38   1              IT0=1;
  39   1              IT1=1;
  40   1      }
  41          
  42          
  43          //int init
  44          void init_int(){
  45   1              EA=1;
  46   1              ET1=1;
  47   1              EX0=1;
  48   1              EX1=1;
  49   1      }
  50          
  51          void hardware_init(){
  52   1              init_timer1();
  53   1              init_timer0();
  54   1              init_external();
  55   1              init_int();
C51 COMPILER V8.02   MAIN                                                                  11/28/2013 13:36:50 PAGE 2   

  56   1              LS1=0xFF;
  57   1      }
  58          
  59          void main(){
  60   1              //init timer1 and two external interrupts
  61   1              hardware_init();
  62   1              //init screen
  63   1              game_init();
  64   1              //begin game
  65   1              while(1){
  66   2                      //every 0.03s refresh screen
  67   2                      if(count>=screen_count){
  68   3                              if(switchS==1){
  69   4                                      //check button
  70   4                                      handle_button();
  71   4                              }
  72   3                              //refresh screen
  73   3                              refresh_screen();
  74   3                              //clear count
  75   3                              count=0;
  76   3                      }
  77   2              }
  78   1      }
  79          
  80          void int_timer1() interrupt 3{
  81   1              count++;
  82   1              TH1=TH1value;
  83   1              TL1=TL1value;
  84   1      }
  85          
  86          
  87          void int_external0() interrupt 0{
  88   1              if(switchS==0){
  89   2                      bar_direction=0;
  90   2              }
  91   1      }
  92          
  93          void int_external1() interrupt 2{
  94   1              if(switchS==0){
  95   2                      bar_direction=1;
  96   2              }
  97   1      }


MODULE INFORMATION:   STATIC OVERLAYABLE
   CODE SIZE        =    104    ----
   CONSTANT SIZE    =   ----    ----
   XDATA SIZE       =   ----    ----
   PDATA SIZE       =   ----    ----
   DATA SIZE        =      1    ----
   IDATA SIZE       =   ----    ----
   BIT SIZE         =   ----    ----
END OF MODULE INFORMATION.


C51 COMPILATION COMPLETE.  0 WARNING(S),  0 ERROR(S)
