C51 COMPILER V8.02   MAIN                                                                  11/16/2013 10:50:14 PAGE 1   


C51 COMPILER V8.02, COMPILATION OF MODULE MAIN
OBJECT MODULE PLACED IN main.OBJ
COMPILER INVOKED BY: C:\Keil\C51\BIN\C51.EXE main.c BROWSE DEBUG OBJECTEXTEND

line level    source

   1          #include <reg52.h>
   2          #include "game.h"
   3          
   4          //timer1 init value
   5          #define TH1value 0x63
   6          #define TL1value 0xC0
   7          //refesh screen count
   8          #define screen_count 3
   9          
  10          //count for timer1
  11          unsigned char count=0;
  12          
  13          extern bit bar_direction;
  14          
  15          //Use timer1 to count time
  16          //timer1 initial
  17          //timer -> 0.01s
  18          void init_timer1(){
  19   1              TMOD=TMOD|0x10;
  20   1              TH1=TH1value;
  21   1              TL1=TL1value;
  22   1              TR1=1;
  23   1      }
  24          
  25          //timer0 initial
  26          void init_timer0(){
  27   1              TMOD=TMOD|0x02;
  28   1              TL0=256-119;
  29   1              TH0=256-119;
  30   1              TR0=0;
  31   1      }
  32          
  33          //External int init
  34          void init_external(){
  35   1              IT0=1;
  36   1              IT1=1;
  37   1      }
  38          
  39          //int init
  40          void init_int(){
  41   1              EA=1;
  42   1              ET1=1;
  43   1              EX0=1;
  44   1              EX1=1;
  45   1      }
  46          
  47          void hardware_init(){
  48   1              init_timer1();
  49   1              init_timer0();
  50   1              init_external();
  51   1              init_int();
  52   1              LS1=0xFF;
  53   1      }
  54          
  55          void main(){
C51 COMPILER V8.02   MAIN                                                                  11/16/2013 10:50:14 PAGE 2   

  56   1              //init timer1 and two external interrupts
  57   1              hardware_init();
  58   1              //init screen
  59   1              game_init();
  60   1              //begin game
  61   1              while(1){
  62   2                      //every 0.03s refresh screen
  63   2                      if(count>=screen_count){
  64   3                              //refresh screen
  65   3                              refresh_screen();
  66   3                              //clear count
  67   3                              count=0;
  68   3                      }
  69   2              }
  70   1      }
  71          
  72          void int_timer1() interrupt 3{
  73   1              count++;
  74   1              TH1=TH1value;
  75   1              TL1=TL1value;
  76   1      }
  77          
  78          void int_external0() interrupt 0{
  79   1              bar_direction=0;
  80   1      }
  81          
  82          void int_external1() interrupt 2{
  83   1              bar_direction=1;
  84   1      }


MODULE INFORMATION:   STATIC OVERLAYABLE
   CODE SIZE        =     90    ----
   CONSTANT SIZE    =   ----    ----
   XDATA SIZE       =   ----    ----
   PDATA SIZE       =   ----    ----
   DATA SIZE        =      1    ----
   IDATA SIZE       =   ----    ----
   BIT SIZE         =   ----    ----
END OF MODULE INFORMATION.


C51 COMPILATION COMPLETE.  0 WARNING(S),  0 ERROR(S)
