C51 COMPILER V8.02   SOUNDER_MAIN                                                          11/14/2013 11:34:51 PAGE 1   


C51 COMPILER V8.02, COMPILATION OF MODULE SOUNDER_MAIN
OBJECT MODULE PLACED IN sounder_main.OBJ
COMPILER INVOKED BY: C:\Keil\C51\BIN\C51.EXE sounder_main.c BROWSE DEBUG OBJECTEXTEND

line level    source

   1          #include <reg52.h>
   2          
   3          #define reciver P2
   4          #define change 0x00
   5          #define title 0x01
   6          #define level 0x02
   7          #define run 0x03
   8          #define do_1 0x04
   9          #define do_2 0x05
  10          #define die 0x06
  11          #define win 0x07
  12          
  13          //timer0 autoreload value
  14          #define TH0value 0xEC
  15          //length of one sound
  16          #define begin_skip 0
  17          #define end_skip 190 
  18          #define max_sounder_time 190
  19          
  20          sbit LS1=P3^7;
  21          
  22          //count for timer0
  23          unsigned char sounder=0;
  24          
  25          //music
  26          //define 7 notes
  27          unsigned char code max_sounder[]={95,85,76,71,63,57,50,48,42,38,36,32,28,25,190,170,151,143,127,113,101,95
             -};
  28          //the length of one note
  29          unsigned char sounder_time=0;
  30          //define music sheet
  31          //do:1,     re:2,     mi:3,     fa:4,     so:5,     la:6,     si:7,
  32          //do_up:8,  re_up:9,  mi_up:10, fa_up:11, so_up:12, la_up:13, si_up:14,
  33          //do_low:15,re_low:16,mi_low:17,fa_low:18,so_low:19,la_low:20,si_low:21,
  34          //skip,22,end:0
  35          unsigned char music_num=0;
  36          unsigned char code title_music[]={15,15,17,19,19,17,15,15,17,19,19,17,15,15,16,17,16,0};
  37          unsigned char code level_music[]={21,21,20,19,18,20,21,19,20,21,21,0};
  38          unsigned char code run_music[]={0};
  39          unsigned char code do_1_music[]={1,0};
  40          unsigned char code do_2_music[]={2,0};
  41          unsigned char code die_music[]={21,20,19,18,17,15,15,15,22,22,0};
  42          
  43          void sounder_do(unsigned char music){
  44   1              if(sounder>=max_sounder[music-1]){
  45   2                      sounder=0;
  46   2                      sounder_time++;
  47   2                      if(sounder_time>=begin_skip && sounder_time<end_skip){
  48   3                              if(music!=22){
  49   4                                      LS1=~LS1;
  50   4                              }
  51   3                      }else if(sounder_time>=max_sounder_time){
  52   3                              music_num++;
  53   3                              sounder_time=0;
  54   3                      }
C51 COMPILER V8.02   SOUNDER_MAIN                                                          11/14/2013 11:34:51 PAGE 2   

  55   2              }       
  56   1      }
  57          
  58          //Use timer0 to control sounder
  59          //timer0 initial
  60          //timer -> 10us
  61          void init_timer0(){
  62   1              TMOD=TMOD|0x02;
  63   1              TL0=TH0value;
  64   1              TH0=TH0value;
  65   1              TR0=1;
  66   1      }
  67          
  68          void init_int(){
  69   1              EA=1;
  70   1              ET0=1;
  71   1      }
  72          
  73          void hardware_init(){
  74   1              LS1=0;
  75   1              init_timer0();
  76   1              init_int();
  77   1      }
  78          
  79          void main(){
  80   1              //init timer1 and two external interrupts
  81   1              hardware_init();
  82   1              while(1){
  83   2                      //adjust sound
  84   2                      if(reciver==change){
  85   3                              TR0=0;
  86   3                              TL0=TH0value;
  87   3                              music_num=0;
  88   3                              TR0=1;
  89   3                      }else if(reciver==title){
  90   3                              if(title_music[music_num]==0){
  91   4                                      music_num=0;
  92   4                              }else{
  93   4                                      sounder_do(title_music[music_num]);
  94   4                              }
  95   3                      }else if(reciver==level){
  96   3                              if(level_music[music_num]==0){
  97   4                                      music_num=0;
  98   4                              }else{
  99   4                                      sounder_do(level_music[music_num]);
 100   4                              }
 101   3                      }else if(reciver==run){
 102   3                              if(run_music[music_num]==0){
 103   4                                      music_num=0;
 104   4                              }else{
 105   4                                      sounder_do(run_music[music_num]);
 106   4                              }
 107   3                      }else if(reciver==do_1){
 108   3                              if(do_1_music[music_num]==0){
 109   4                                      music_num=0;
 110   4                              }else{
 111   4                                      sounder_do(do_1_music[music_num]);
 112   4                              }
 113   3                      }else if(reciver==do_2){
 114   3                              if(do_2_music[music_num]==0){
 115   4                                      music_num=0;
 116   4                              }else{
C51 COMPILER V8.02   SOUNDER_MAIN                                                          11/14/2013 11:34:51 PAGE 3   

 117   4                                      sounder_do(do_2_music[music_num]);
 118   4                              }
 119   3                      }else if(reciver==die){
 120   3                              if(die_music[music_num]==0){
 121   4                                      music_num=0;
 122   4                              }else{
 123   4                                      sounder_do(die_music[music_num]);
 124   4                              }
 125   3                      }else if(reciver==win){
 126   3                              if(title_music[music_num]==0){
 127   4                                      music_num=0;
 128   4                              }else{
 129   4                                      sounder_do(title_music[music_num]);
 130   4                              }
 131   3                      }
 132   2              }
 133   1      }
 134          
 135          void int_timer0() interrupt 1{
 136   1              sounder++;      
 137   1      }


MODULE INFORMATION:   STATIC OVERLAYABLE
   CODE SIZE        =    248    ----
   CONSTANT SIZE    =     68    ----
   XDATA SIZE       =   ----    ----
   PDATA SIZE       =   ----    ----
   DATA SIZE        =      3    ----
   IDATA SIZE       =   ----    ----
   BIT SIZE         =   ----    ----
END OF MODULE INFORMATION.


C51 COMPILATION COMPLETE.  0 WARNING(S),  0 ERROR(S)
